Archive member included to satisfy reference by file (symbol)

d:/cube-ide/stm32cubeide_1.7.0/stm32cubeide/plugins/com.st.stm32cube.ide.mcu.externaltools.gnu-tools-for-stm32.10.3-2021.10.win32_1.0.0.202111181127/tools/bin/../lib/gcc/arm-none-eabi/10.3.1/../../../../arm-none-eabi/lib/thumb/v7e-m+fp/hard\libc_nano.a(lib_a-errno.o)
                              ./Core/Src/syscalls.o (__errno)
d:/cube-ide/stm32cubeide_1.7.0/stm32cubeide/plugins/com.st.stm32cube.ide.mcu.externaltools.gnu-tools-for-stm32.10.3-2021.10.win32_1.0.0.202111181127/tools/bin/../lib/gcc/arm-none-eabi/10.3.1/../../../../arm-none-eabi/lib/thumb/v7e-m+fp/hard\libc_nano.a(lib_a-exit.o)
                              d:/cube-ide/stm32cubeide_1.7.0/stm32cubeide/plugins/com.st.stm32cube.ide.mcu.externaltools.gnu-tools-for-stm32.10.3-2021.10.win32_1.0.0.202111181127/tools/bin/../lib/gcc/arm-none-eabi/10.3.1/../../../../arm-none-eabi/lib/thumb/v7e-m+fp/hard/crt0.o (exit)
d:/cube-ide/stm32cubeide_1.7.0/stm32cubeide/plugins/com.st.stm32cube.ide.mcu.externaltools.gnu-tools-for-stm32.10.3-2021.10.win32_1.0.0.202111181127/tools/bin/../lib/gcc/arm-none-eabi/10.3.1/../../../../arm-none-eabi/lib/thumb/v7e-m+fp/hard\libc_nano.a(lib_a-impure.o)
                              d:/cube-ide/stm32cubeide_1.7.0/stm32cubeide/plugins/com.st.stm32cube.ide.mcu.externaltools.gnu-tools-for-stm32.10.3-2021.10.win32_1.0.0.202111181127/tools/bin/../lib/gcc/arm-none-eabi/10.3.1/../../../../arm-none-eabi/lib/thumb/v7e-m+fp/hard\libc_nano.a(lib_a-exit.o) (_global_impure_ptr)
d:/cube-ide/stm32cubeide_1.7.0/stm32cubeide/plugins/com.st.stm32cube.ide.mcu.externaltools.gnu-tools-for-stm32.10.3-2021.10.win32_1.0.0.202111181127/tools/bin/../lib/gcc/arm-none-eabi/10.3.1/../../../../arm-none-eabi/lib/thumb/v7e-m+fp/hard\libc_nano.a(lib_a-init.o)
                              d:/cube-ide/stm32cubeide_1.7.0/stm32cubeide/plugins/com.st.stm32cube.ide.mcu.externaltools.gnu-tools-for-stm32.10.3-2021.10.win32_1.0.0.202111181127/tools/bin/../lib/gcc/arm-none-eabi/10.3.1/../../../../arm-none-eabi/lib/thumb/v7e-m+fp/hard/crt0.o (__libc_init_array)
d:/cube-ide/stm32cubeide_1.7.0/stm32cubeide/plugins/com.st.stm32cube.ide.mcu.externaltools.gnu-tools-for-stm32.10.3-2021.10.win32_1.0.0.202111181127/tools/bin/../lib/gcc/arm-none-eabi/10.3.1/../../../../arm-none-eabi/lib/thumb/v7e-m+fp/hard\libc_nano.a(lib_a-memset.o)
                              d:/cube-ide/stm32cubeide_1.7.0/stm32cubeide/plugins/com.st.stm32cube.ide.mcu.externaltools.gnu-tools-for-stm32.10.3-2021.10.win32_1.0.0.202111181127/tools/bin/../lib/gcc/arm-none-eabi/10.3.1/../../../../arm-none-eabi/lib/thumb/v7e-m+fp/hard/crt0.o (memset)
d:/cube-ide/stm32cubeide_1.7.0/stm32cubeide/plugins/com.st.stm32cube.ide.mcu.externaltools.gnu-tools-for-stm32.10.3-2021.10.win32_1.0.0.202111181127/tools/bin/../lib/gcc/arm-none-eabi/10.3.1/thumb/v7e-m+fp/hard\libgcc.a(_aeabi_uldivmod.o)
                              ./Drivers/STM32F4xx_HAL_Driver/Src/stm32f4xx_hal_rcc.o (__aeabi_uldivmod)
d:/cube-ide/stm32cubeide_1.7.0/stm32cubeide/plugins/com.st.stm32cube.ide.mcu.externaltools.gnu-tools-for-stm32.10.3-2021.10.win32_1.0.0.202111181127/tools/bin/../lib/gcc/arm-none-eabi/10.3.1/thumb/v7e-m+fp/hard\libgcc.a(_udivmoddi4.o)
                              d:/cube-ide/stm32cubeide_1.7.0/stm32cubeide/plugins/com.st.stm32cube.ide.mcu.externaltools.gnu-tools-for-stm32.10.3-2021.10.win32_1.0.0.202111181127/tools/bin/../lib/gcc/arm-none-eabi/10.3.1/thumb/v7e-m+fp/hard\libgcc.a(_aeabi_uldivmod.o) (__udivmoddi4)
d:/cube-ide/stm32cubeide_1.7.0/stm32cubeide/plugins/com.st.stm32cube.ide.mcu.externaltools.gnu-tools-for-stm32.10.3-2021.10.win32_1.0.0.202111181127/tools/bin/../lib/gcc/arm-none-eabi/10.3.1/thumb/v7e-m+fp/hard\libgcc.a(_dvmd_tls.o)
                              d:/cube-ide/stm32cubeide_1.7.0/stm32cubeide/plugins/com.st.stm32cube.ide.mcu.externaltools.gnu-tools-for-stm32.10.3-2021.10.win32_1.0.0.202111181127/tools/bin/../lib/gcc/arm-none-eabi/10.3.1/thumb/v7e-m+fp/hard\libgcc.a(_aeabi_uldivmod.o) (__aeabi_ldiv0)

Discarded input sections

 .text          0x0000000000000000        0x0 d:/cube-ide/stm32cubeide_1.7.0/stm32cubeide/plugins/com.st.stm32cube.ide.mcu.externaltools.gnu-tools-for-stm32.10.3-2021.10.win32_1.0.0.202111181127/tools/bin/../lib/gcc/arm-none-eabi/10.3.1/thumb/v7e-m+fp/hard/crti.o
 .data          0x0000000000000000        0x0 d:/cube-ide/stm32cubeide_1.7.0/stm32cubeide/plugins/com.st.stm32cube.ide.mcu.externaltools.gnu-tools-for-stm32.10.3-2021.10.win32_1.0.0.202111181127/tools/bin/../lib/gcc/arm-none-eabi/10.3.1/thumb/v7e-m+fp/hard/crti.o
 .bss           0x0000000000000000        0x0 d:/cube-ide/stm32cubeide_1.7.0/stm32cubeide/plugins/com.st.stm32cube.ide.mcu.externaltools.gnu-tools-for-stm32.10.3-2021.10.win32_1.0.0.202111181127/tools/bin/../lib/gcc/arm-none-eabi/10.3.1/thumb/v7e-m+fp/hard/crti.o
[...]
Memory Configuration

Name             Origin             Length             Attributes
CCMRAM           0x0000000010000000 0x0000000000010000 xrw
RAM              0x0000000020000000 0x0000000000030000 xrw
FLASH            0x0000000008000000 0x0000000000200000 xr
*default*        0x0000000000000000 0xffffffffffffffff

Linker script and memory map

LOAD d:/cube-ide/stm32cubeide_1.7.0/stm32cubeide/plugins/com.st.stm32cube.ide.mcu.externaltools.gnu-tools-for-stm32.10.3-2021.10.win32_1.0.0.202111181127/tools/bin/../lib/gcc/arm-none-eabi/10.3.1/thumb/v7e-m+fp/hard/crti.o
LOAD d:/cube-ide/stm32cubeide_1.7.0/stm32cubeide/plugins/com.st.stm32cube.ide.mcu.externaltools.gnu-tools-for-stm32.10.3-2021.10.win32_1.0.0.202111181127/tools/bin/../lib/gcc/arm-none-eabi/10.3.1/thumb/v7e-m+fp/hard/crtbegin.o
LOAD d:/cube-ide/stm32cubeide_1.7.0/stm32cubeide/plugins/com.st.stm32cube.ide.mcu.externaltools.gnu-tools-for-stm32.10.3-2021.10.win32_1.0.0.202111181127/tools/bin/../lib/gcc/arm-none-eabi/10.3.1/../../../../arm-none-eabi/lib/thumb/v7e-m+fp/hard/crt0.o
LOAD ./Core/Src/main.o
LOAD ./Core/Src/stm32f4xx_hal_msp.o
LOAD ./Core/Src/stm32f4xx_it.o
LOAD ./Core/Src/syscalls.o
LOAD ./Core/Src/sysmem.o
LOAD ./Core/Src/system_stm32f4xx.o
LOAD ./Core/Startup/startup_stm32f429zitx.o
LOAD ./Drivers/BSP/blinky.o
LOAD ./Drivers/BSP/bsp.o
LOAD ./Drivers/QPC/qep_hsm.o
LOAD ./Drivers/QPC/qep_msm.o
LOAD ./Drivers/QPC/qf_act.o
LOAD ./Drivers/QPC/qf_actq.o
LOAD ./Drivers/QPC/qf_defer.o
LOAD ./Drivers/QPC/qf_dyn.o
LOAD ./Drivers/QPC/qf_mem.o
LOAD ./Drivers/QPC/qf_ps.o
LOAD ./Drivers/QPC/qf_qact.o
LOAD ./Drivers/QPC/qf_qeq.o
LOAD ./Drivers/QPC/qf_qmact.o
LOAD ./Drivers/QPC/qf_time.o
LOAD ./Drivers/QPC/qv.o
LOAD ./Drivers/QPC_Port/qv_port.o
LOAD ./Drivers/STM32F4xx_HAL_Driver/Src/stm32f4xx_hal.o
LOAD ./Drivers/STM32F4xx_HAL_Driver/Src/stm32f4xx_hal_cortex.o
LOAD ./Drivers/STM32F4xx_HAL_Driver/Src/stm32f4xx_hal_dma.o
LOAD ./Drivers/STM32F4xx_HAL_Driver/Src/stm32f4xx_hal_dma_ex.o
LOAD ./Drivers/STM32F4xx_HAL_Driver/Src/stm32f4xx_hal_exti.o
LOAD ./Drivers/STM32F4xx_HAL_Driver/Src/stm32f4xx_hal_flash.o
LOAD ./Drivers/STM32F4xx_HAL_Driver/Src/stm32f4xx_hal_flash_ex.o
LOAD ./Drivers/STM32F4xx_HAL_Driver/Src/stm32f4xx_hal_flash_ramfunc.o
LOAD ./Drivers/STM32F4xx_HAL_Driver/Src/stm32f4xx_hal_gpio.o
LOAD ./Drivers/STM32F4xx_HAL_Driver/Src/stm32f4xx_hal_pwr.o
LOAD ./Drivers/STM32F4xx_HAL_Driver/Src/stm32f4xx_hal_pwr_ex.o
LOAD ./Drivers/STM32F4xx_HAL_Driver/Src/stm32f4xx_hal_rcc.o
LOAD ./Drivers/STM32F4xx_HAL_Driver/Src/stm32f4xx_hal_rcc_ex.o
START GROUP
LOAD d:/cube-ide/stm32cubeide_1.7.0/stm32cubeide/plugins/com.st.stm32cube.ide.mcu.externaltools.gnu-tools-for-stm32.10.3-2021.10.win32_1.0.0.202111181127/tools/bin/../lib/gcc/arm-none-eabi/10.3.1/../../../../arm-none-eabi/lib/thumb/v7e-m+fp/hard\libc_nano.a
LOAD d:/cube-ide/stm32cubeide_1.7.0/stm32cubeide/plugins/com.st.stm32cube.ide.mcu.externaltools.gnu-tools-for-stm32.10.3-2021.10.win32_1.0.0.202111181127/tools/bin/../lib/gcc/arm-none-eabi/10.3.1/../../../../arm-none-eabi/lib/thumb/v7e-m+fp/hard\libm.a
END GROUP
START GROUP
LOAD d:/cube-ide/stm32cubeide_1.7.0/stm32cubeide/plugins/com.st.stm32cube.ide.mcu.externaltools.gnu-tools-for-stm32.10.3-2021.10.win32_1.0.0.202111181127/tools/bin/../lib/gcc/arm-none-eabi/10.3.1/thumb/v7e-m+fp/hard\libgcc.a
LOAD d:/cube-ide/stm32cubeide_1.7.0/stm32cubeide/plugins/com.st.stm32cube.ide.mcu.externaltools.gnu-tools-for-stm32.10.3-2021.10.win32_1.0.0.202111181127/tools/bin/../lib/gcc/arm-none-eabi/10.3.1/../../../../arm-none-eabi/lib/thumb/v7e-m+fp/hard\libc_nano.a
END GROUP
START GROUP
LOAD d:/cube-ide/stm32cubeide_1.7.0/stm32cubeide/plugins/com.st.stm32cube.ide.mcu.externaltools.gnu-tools-for-stm32.10.3-2021.10.win32_1.0.0.202111181127/tools/bin/../lib/gcc/arm-none-eabi/10.3.1/thumb/v7e-m+fp/hard\libgcc.a
LOAD d:/cube-ide/stm32cubeide_1.7.0/stm32cubeide/plugins/com.st.stm32cube.ide.mcu.externaltools.gnu-tools-for-stm32.10.3-2021.10.win32_1.0.0.202111181127/tools/bin/../lib/gcc/arm-none-eabi/10.3.1/../../../../arm-none-eabi/lib/thumb/v7e-m+fp/hard\libc_nano.a
LOAD d:/cube-ide/stm32cubeide_1.7.0/stm32cubeide/plugins/com.st.stm32cube.ide.mcu.externaltools.gnu-tools-for-stm32.10.3-2021.10.win32_1.0.0.202111181127/tools/bin/../lib/gcc/arm-none-eabi/10.3.1/../../../../arm-none-eabi/lib/thumb/v7e-m+fp/hard\libnosys.a
END GROUP
START GROUP
LOAD d:/cube-ide/stm32cubeide_1.7.0/stm32cubeide/plugins/com.st.stm32cube.ide.mcu.externaltools.gnu-tools-for-stm32.10.3-2021.10.win32_1.0.0.202111181127/tools/bin/../lib/gcc/arm-none-eabi/10.3.1/thumb/v7e-m+fp/hard\libgcc.a
LOAD d:/cube-ide/stm32cubeide_1.7.0/stm32cubeide/plugins/com.st.stm32cube.ide.mcu.externaltools.gnu-tools-for-stm32.10.3-2021.10.win32_1.0.0.202111181127/tools/bin/../lib/gcc/arm-none-eabi/10.3.1/../../../../arm-none-eabi/lib/thumb/v7e-m+fp/hard\libc_nano.a
LOAD d:/cube-ide/stm32cubeide_1.7.0/stm32cubeide/plugins/com.st.stm32cube.ide.mcu.externaltools.gnu-tools-for-stm32.10.3-2021.10.win32_1.0.0.202111181127/tools/bin/../lib/gcc/arm-none-eabi/10.3.1/../../../../arm-none-eabi/lib/thumb/v7e-m+fp/hard\libnosys.a
END GROUP
LOAD d:/cube-ide/stm32cubeide_1.7.0/stm32cubeide/plugins/com.st.stm32cube.ide.mcu.externaltools.gnu-tools-for-stm32.10.3-2021.10.win32_1.0.0.202111181127/tools/bin/../lib/gcc/arm-none-eabi/10.3.1/thumb/v7e-m+fp/hard/crtend.o
LOAD d:/cube-ide/stm32cubeide_1.7.0/stm32cubeide/plugins/com.st.stm32cube.ide.mcu.externaltools.gnu-tools-for-stm32.10.3-2021.10.win32_1.0.0.202111181127/tools/bin/../lib/gcc/arm-none-eabi/10.3.1/thumb/v7e-m+fp/hard/crtn.o
                0x0000000020030000                _estack = (ORIGIN (RAM) + LENGTH (RAM))
                0x0000000000000200                _Min_Heap_Size = 0x200
                0x0000000000000400                _Min_Stack_Size = 0x400

.isr_vector     0x0000000008000000      0x1ac
                0x0000000008000000                . = ALIGN (0x4)
 *(.isr_vector)
 .isr_vector    0x0000000008000000      0x1ac ./Core/Startup/startup_stm32f429zitx.o
                0x0000000008000000                g_pfnVectors
                0x00000000080001ac                . = ALIGN (0x4)

.text           0x00000000080001ac     0x2590
                0x00000000080001ac                . = ALIGN (0x4)
 *(.text)
 .text          0x00000000080001ac       0x40 d:/cube-ide/stm32cubeide_1.7.0/stm32cubeide/plugins/com.st.stm32cube.ide.mcu.externaltools.gnu-tools-for-stm32.10.3-2021.10.win32_1.0.0.202111181127/tools/bin/../lib/gcc/arm-none-eabi/10.3.1/thumb/v7e-m+fp/hard/crtbegin.o
 .text          0x00000000080001ec       0x30 d:/cube-ide/stm32cubeide_1.7.0/stm32cubeide/plugins/com.st.stm32cube.ide.mcu.externaltools.gnu-tools-for-stm32.10.3-2021.10.win32_1.0.0.202111181127/tools/bin/../lib/gcc/arm-none-eabi/10.3.1/thumb/v7e-m+fp/hard\libgcc.a(_aeabi_uldivmod.o)
                0x00000000080001ec                __aeabi_uldivmod
 .text          0x000000000800021c      0x2d0 d:/cube-ide/stm32cubeide_1.7.0/stm32cubeide/plugins/com.st.stm32cube.ide.mcu.externaltools.gnu-tools-for-stm32.10.3-2021.10.win32_1.0.0.202111181127/tools/bin/../lib/gcc/arm-none-eabi/10.3.1/thumb/v7e-m+fp/hard\libgcc.a(_udivmoddi4.o)
                0x000000000800021c                __udivmoddi4
 .text          0x00000000080004ec        0x4 d:/cube-ide/stm32cubeide_1.7.0/stm32cubeide/plugins/com.st.stm32cube.ide.mcu.externaltools.gnu-tools-for-stm32.10.3-2021.10.win32_1.0.0.202111181127/tools/bin/../lib/gcc/arm-none-eabi/10.3.1/thumb/v7e-m+fp/hard\libgcc.a(_dvmd_tls.o)
                0x00000000080004ec                __aeabi_idiv0
                0x00000000080004ec                __aeabi_ldiv0
 *(.text*)
 .text.main     0x00000000080004f0       0x6c ./Core/Src/main.o
                0x00000000080004f0                main
 .text.SystemClock_Config
                0x000000000800055c       0xd8 ./Core/Src/main.o
                0x000000000800055c                SystemClock_Config
 .text.MX_GPIO_Init
                0x0000000008000634       0x68 ./Core/Src/main.o
 .text.Error_Handler
                0x000000000800069c        0xa ./Core/Src/main.o
                0x000000000800069c                Error_Handler
 *fill*         0x00000000080006a6        0x2 
 .text.HAL_MspInit
                0x00000000080006a8       0x50 ./Core/Src/stm32f4xx_hal_msp.o
                0x00000000080006a8                HAL_MspInit
 .text.NMI_Handler
                0x00000000080006f8        0x6 ./Core/Src/stm32f4xx_it.o
                0x00000000080006f8                NMI_Handler
 .text.HardFault_Handler
                0x00000000080006fe        0x6 ./Core/Src/stm32f4xx_it.o
                0x00000000080006fe                HardFault_Handler
 .text.MemManage_Handler
                0x0000000008000704        0x6 ./Core/Src/stm32f4xx_it.o
                0x0000000008000704                MemManage_Handler
 .text.BusFault_Handler
                0x000000000800070a        0x6 ./Core/Src/stm32f4xx_it.o
                0x000000000800070a                BusFault_Handler
 .text.UsageFault_Handler
                0x0000000008000710        0x6 ./Core/Src/stm32f4xx_it.o
                0x0000000008000710                UsageFault_Handler
 .text.SVC_Handler
                0x0000000008000716        0xe ./Core/Src/stm32f4xx_it.o
                0x0000000008000716                SVC_Handler
 .text.DebugMon_Handler
                0x0000000008000724        0xe ./Core/Src/stm32f4xx_it.o
                0x0000000008000724                DebugMon_Handler
 .text.PendSV_Handler
                0x0000000008000732        0xe ./Core/Src/stm32f4xx_it.o
                0x0000000008000732                PendSV_Handler
 .text.SysTick_Handler
                0x0000000008000740       0x16 ./Core/Src/stm32f4xx_it.o
                0x0000000008000740                SysTick_Handler
 *fill*         0x0000000008000756        0x2 
 .text.SystemInit
                0x0000000008000758       0x24 ./Core/Src/system_stm32f4xx.o
                0x0000000008000758                SystemInit
 .text.Reset_Handler
                0x000000000800077c       0x50 ./Core/Startup/startup_stm32f429zitx.o
                0x000000000800077c                Reset_Handler
 .text.Default_Handler
                0x00000000080007cc        0x2 ./Core/Startup/startup_stm32f429zitx.o
                0x00000000080007cc                RTC_Alarm_IRQHandler
                0x00000000080007cc                HASH_RNG_IRQHandler
                0x00000000080007cc                EXTI2_IRQHandler
                0x00000000080007cc                TIM8_CC_IRQHandler
                0x00000000080007cc                UART8_IRQHandler
                0x00000000080007cc                SPI4_IRQHandler
                0x00000000080007cc                TIM1_CC_IRQHandler
                0x00000000080007cc                DMA2_Stream5_IRQHandler
                0x00000000080007cc                DMA1_Stream5_IRQHandler
                0x00000000080007cc                PVD_IRQHandler
                0x00000000080007cc                SDIO_IRQHandler
                0x00000000080007cc                TAMP_STAMP_IRQHandler
                0x00000000080007cc                CAN2_RX1_IRQHandler
                0x00000000080007cc                EXTI3_IRQHandler
                0x00000000080007cc                TIM8_TRG_COM_TIM14_IRQHandler
                0x00000000080007cc                TIM1_UP_TIM10_IRQHandler
                0x00000000080007cc                TIM8_UP_TIM13_IRQHandler
                0x00000000080007cc                I2C3_ER_IRQHandler
                0x00000000080007cc                EXTI0_IRQHandler
                0x00000000080007cc                I2C2_EV_IRQHandler
                0x00000000080007cc                DMA1_Stream2_IRQHandler
                0x00000000080007cc                CAN1_RX0_IRQHandler
                0x00000000080007cc                FPU_IRQHandler
                0x00000000080007cc                OTG_HS_WKUP_IRQHandler
                0x00000000080007cc                LTDC_ER_IRQHandler
                0x00000000080007cc                CAN2_SCE_IRQHandler
                0x00000000080007cc                DMA2_Stream2_IRQHandler
                0x00000000080007cc                SPI1_IRQHandler
                0x00000000080007cc                TIM6_DAC_IRQHandler
                0x00000000080007cc                TIM1_BRK_TIM9_IRQHandler
                0x00000000080007cc                DCMI_IRQHandler
                0x00000000080007cc                CAN2_RX0_IRQHandler
                0x00000000080007cc                DMA2_Stream3_IRQHandler
                0x00000000080007cc                USART6_IRQHandler
                0x00000000080007cc                USART3_IRQHandler
                0x00000000080007cc                CAN1_RX1_IRQHandler
                0x00000000080007cc                UART5_IRQHandler
                0x00000000080007cc                DMA2_Stream0_IRQHandler
                0x00000000080007cc                TIM4_IRQHandler
                0x00000000080007cc                I2C1_EV_IRQHandler
                0x00000000080007cc                DMA1_Stream6_IRQHandler
                0x00000000080007cc                DMA1_Stream1_IRQHandler
                0x00000000080007cc                UART4_IRQHandler
                0x00000000080007cc                TIM3_IRQHandler
                0x00000000080007cc                RCC_IRQHandler
                0x00000000080007cc                TIM8_BRK_TIM12_IRQHandler
                0x00000000080007cc                Default_Handler
                0x00000000080007cc                EXTI15_10_IRQHandler
                0x00000000080007cc                ADC_IRQHandler
                0x00000000080007cc                DMA1_Stream7_IRQHandler
                0x00000000080007cc                SPI5_IRQHandler
                0x00000000080007cc                TIM7_IRQHandler
                0x00000000080007cc                CAN2_TX_IRQHandler
                0x00000000080007cc                TIM5_IRQHandler
                0x00000000080007cc                DMA2_Stream7_IRQHandler
                0x00000000080007cc                I2C3_EV_IRQHandler
                0x00000000080007cc                EXTI9_5_IRQHandler
                0x00000000080007cc                RTC_WKUP_IRQHandler
                0x00000000080007cc                LTDC_IRQHandler
                0x00000000080007cc                ETH_WKUP_IRQHandler
                0x00000000080007cc                SPI2_IRQHandler
                0x00000000080007cc                OTG_HS_EP1_IN_IRQHandler
                0x00000000080007cc                DMA1_Stream0_IRQHandler
                0x00000000080007cc                CAN1_TX_IRQHandler
                0x00000000080007cc                EXTI4_IRQHandler
                0x00000000080007cc                ETH_IRQHandler
                0x00000000080007cc                OTG_HS_EP1_OUT_IRQHandler
                0x00000000080007cc                WWDG_IRQHandler
                0x00000000080007cc                SPI6_IRQHandler
                0x00000000080007cc                TIM2_IRQHandler
                0x00000000080007cc                OTG_FS_WKUP_IRQHandler
                0x00000000080007cc                TIM1_TRG_COM_TIM11_IRQHandler
                0x00000000080007cc                OTG_HS_IRQHandler
                0x00000000080007cc                DMA2D_IRQHandler
                0x00000000080007cc                EXTI1_IRQHandler
                0x00000000080007cc                UART7_IRQHandler
                0x00000000080007cc                USART2_IRQHandler
                0x00000000080007cc                I2C2_ER_IRQHandler
                0x00000000080007cc                DMA2_Stream1_IRQHandler
                0x00000000080007cc                CAN1_SCE_IRQHandler
                0x00000000080007cc                FLASH_IRQHandler
                0x00000000080007cc                DMA2_Stream4_IRQHandler
                0x00000000080007cc                USART1_IRQHandler
                0x00000000080007cc                OTG_FS_IRQHandler
                0x00000000080007cc                SPI3_IRQHandler
                0x00000000080007cc                DMA1_Stream4_IRQHandler
                0x00000000080007cc                I2C1_ER_IRQHandler
                0x00000000080007cc                FMC_IRQHandler
                0x00000000080007cc                DMA2_Stream6_IRQHandler
                0x00000000080007cc                SAI1_IRQHandler
                0x00000000080007cc                DMA1_Stream3_IRQHandler
 *fill*         0x00000000080007ce        0x2 
 .text.Blinky_ctor
                0x00000000080007d0       0x34 ./Drivers/BSP/blinky.o
                0x00000000080007d0                Blinky_ctor
 .text.Blinky_initial
                0x0000000008000804       0x2c ./Drivers/BSP/blinky.o
 .text.Blinky_off
                0x0000000008000830       0x4c ./Drivers/BSP/blinky.o
 .text.Blinky_on
                0x000000000800087c       0x4c ./Drivers/BSP/blinky.o
 .text.__NVIC_SetPriorityGrouping
                0x00000000080008c8       0x48 ./Drivers/BSP/bsp.o
 .text.__NVIC_SetPriority
                0x0000000008000910       0x54 ./Drivers/BSP/bsp.o
 .text.__NVIC_SystemReset
                0x0000000008000964       0x2c ./Drivers/BSP/bsp.o
 .text.SysTick_Config
                0x0000000008000990       0x44 ./Drivers/BSP/bsp.o
 .text.BSP_init
                0x00000000080009d4        0xe ./Drivers/BSP/bsp.o
                0x00000000080009d4                BSP_init
 *fill*         0x00000000080009e2        0x2 
 .text.BSP_ledOff
                0x00000000080009e4       0x24 ./Drivers/BSP/bsp.o
                0x00000000080009e4                BSP_ledOff
 .text.BSP_ledOn
                0x0000000008000a08       0x24 ./Drivers/BSP/bsp.o
                0x0000000008000a08                BSP_ledOn
 .text.QF_onStartup
                0x0000000008000a2c       0x34 ./Drivers/BSP/bsp.o
                0x0000000008000a2c                QF_onStartup
 .text.QV_onIdle
                0x0000000008000a60       0x14 ./Drivers/BSP/bsp.o
                0x0000000008000a60                QV_onIdle
 .text.Q_onAssert
                0x0000000008000a74        0xe ./Drivers/BSP/bsp.o
                0x0000000008000a74                Q_onAssert
 *fill*         0x0000000008000a82        0x2 
 .text.QHsm_ctor
                0x0000000008000a84       0x30 ./Drivers/QPC/qep_hsm.o
                0x0000000008000a84                QHsm_ctor
 .text.QHsm_init_
                0x0000000008000ab4       0xf8 ./Drivers/QPC/qep_hsm.o
                0x0000000008000ab4                QHsm_init_
 .text.QHsm_top
                0x0000000008000bac       0x18 ./Drivers/QPC/qep_hsm.o
                0x0000000008000bac                QHsm_top
 .text.QHsm_dispatch_
                0x0000000008000bc4      0x174 ./Drivers/QPC/qep_hsm.o
                0x0000000008000bc4                QHsm_dispatch_
 .text.QHsm_tran_
                0x0000000008000d38      0x1c4 ./Drivers/QPC/qep_hsm.o
 .text.QF_add_  0x0000000008000efc       0x58 ./Drivers/QPC/qf_act.o
                0x0000000008000efc                QF_add_
 .text.QF_bzero
                0x0000000008000f54       0x3a ./Drivers/QPC/qf_act.o
                0x0000000008000f54                QF_bzero
 *fill*         0x0000000008000f8e        0x2 
 .text.QActive_post_
                0x0000000008000f90      0x11c ./Drivers/QPC/qf_actq.o
                0x0000000008000f90                QActive_post_
 .text.QActive_postLIFO_
                0x00000000080010ac       0xd4 ./Drivers/QPC/qf_actq.o
                0x00000000080010ac                QActive_postLIFO_
 .text.QActive_get_
                0x0000000008001180       0xb0 ./Drivers/QPC/qf_actq.o
                0x0000000008001180                QActive_get_
 .text.QF_gc    0x0000000008001230       0x88 ./Drivers/QPC/qf_dyn.o
                0x0000000008001230                QF_gc
 .text.QMPool_put
                0x00000000080012b8       0x70 ./Drivers/QPC/qf_mem.o
                0x00000000080012b8                QMPool_put
 .text.QActive_ctor
                0x0000000008001328       0x30 ./Drivers/QPC/qf_qact.o
                0x0000000008001328                QActive_ctor
 .text.QEQueue_init
                0x0000000008001358       0x54 ./Drivers/QPC/qf_qeq.o
                0x0000000008001358                QEQueue_init
 .text.QF_tickX_
                0x00000000080013ac      0x134 ./Drivers/QPC/qf_time.o
                0x00000000080013ac                QF_tickX_
 .text.QTimeEvt_ctorX
                0x00000000080014e0       0x60 ./Drivers/QPC/qf_time.o
                0x00000000080014e0                QTimeEvt_ctorX
 .text.QTimeEvt_armX
                0x0000000008001540       0xb4 ./Drivers/QPC/qf_time.o
                0x0000000008001540                QTimeEvt_armX
 .text.QF_init  0x00000000080015f4       0x50 ./Drivers/QPC/qv.o
                0x00000000080015f4                QF_init
 .text.QF_run   0x0000000008001644       0x98 ./Drivers/QPC/qv.o
                0x0000000008001644                QF_run
 .text.QActive_start_
                0x00000000080016dc       0x70 ./Drivers/QPC/qv.o
                0x00000000080016dc                QActive_start_
 .text.QV_init  0x000000000800174c       0x7c ./Drivers/QPC_Port/qv_port.o
                0x000000000800174c                QV_init
 .text.HAL_Init
                0x00000000080017c8       0x44 ./Drivers/STM32F4xx_HAL_Driver/Src/stm32f4xx_hal.o
                0x00000000080017c8                HAL_Init
 .text.HAL_InitTick
                0x000000000800180c       0x60 ./Drivers/STM32F4xx_HAL_Driver/Src/stm32f4xx_hal.o
                0x000000000800180c                HAL_InitTick
 .text.HAL_IncTick
                0x000000000800186c       0x28 ./Drivers/STM32F4xx_HAL_Driver/Src/stm32f4xx_hal.o
                0x000000000800186c                HAL_IncTick
 .text.HAL_GetTick
                0x0000000008001894       0x18 ./Drivers/STM32F4xx_HAL_Driver/Src/stm32f4xx_hal.o
                0x0000000008001894                HAL_GetTick
 .text.__NVIC_SetPriorityGrouping
                0x00000000080018ac       0x48 ./Drivers/STM32F4xx_HAL_Driver/Src/stm32f4xx_hal_cortex.o
 .text.__NVIC_GetPriorityGrouping
                0x00000000080018f4       0x1c ./Drivers/STM32F4xx_HAL_Driver/Src/stm32f4xx_hal_cortex.o
 .text.__NVIC_SetPriority
                0x0000000008001910       0x54 ./Drivers/STM32F4xx_HAL_Driver/Src/stm32f4xx_hal_cortex.o
 .text.NVIC_EncodePriority
                0x0000000008001964       0x66 ./Drivers/STM32F4xx_HAL_Driver/Src/stm32f4xx_hal_cortex.o
 *fill*         0x00000000080019ca        0x2 
 .text.SysTick_Config
                0x00000000080019cc       0x44 ./Drivers/STM32F4xx_HAL_Driver/Src/stm32f4xx_hal_cortex.o
 .text.HAL_NVIC_SetPriorityGrouping
                0x0000000008001a10       0x16 ./Drivers/STM32F4xx_HAL_Driver/Src/stm32f4xx_hal_cortex.o
                0x0000000008001a10                HAL_NVIC_SetPriorityGrouping
 .text.HAL_NVIC_SetPriority
                0x0000000008001a26       0x38 ./Drivers/STM32F4xx_HAL_Driver/Src/stm32f4xx_hal_cortex.o
                0x0000000008001a26                HAL_NVIC_SetPriority
 .text.HAL_SYSTICK_Config
                0x0000000008001a5e       0x18 ./Drivers/STM32F4xx_HAL_Driver/Src/stm32f4xx_hal_cortex.o
                0x0000000008001a5e                HAL_SYSTICK_Config
 *fill*         0x0000000008001a76        0x2 
 .text.HAL_GPIO_Init
                0x0000000008001a78      0x358 ./Drivers/STM32F4xx_HAL_Driver/Src/stm32f4xx_hal_gpio.o
                0x0000000008001a78                HAL_GPIO_Init
 .text.HAL_GPIO_WritePin
                0x0000000008001dd0       0x32 ./Drivers/STM32F4xx_HAL_Driver/Src/stm32f4xx_hal_gpio.o
                0x0000000008001dd0                HAL_GPIO_WritePin
 *fill*         0x0000000008001e02        0x2 
 .text.HAL_RCC_OscConfig
                0x0000000008001e04      0x4f0 ./Drivers/STM32F4xx_HAL_Driver/Src/stm32f4xx_hal_rcc.o
                0x0000000008001e04                HAL_RCC_OscConfig
 .text.HAL_RCC_ClockConfig
                0x00000000080022f4      0x1cc ./Drivers/STM32F4xx_HAL_Driver/Src/stm32f4xx_hal_rcc.o
                0x00000000080022f4                HAL_RCC_ClockConfig
 .text.HAL_RCC_GetSysClockFreq
                0x00000000080024c0      0x20c ./Drivers/STM32F4xx_HAL_Driver/Src/stm32f4xx_hal_rcc.o
                0x00000000080024c0                HAL_RCC_GetSysClockFreq
 .text.__libc_init_array
                0x00000000080026cc       0x48 d:/cube-ide/stm32cubeide_1.7.0/stm32cubeide/plugins/com.st.stm32cube.ide.mcu.externaltools.gnu-tools-for-stm32.10.3-2021.10.win32_1.0.0.202111181127/tools/bin/../lib/gcc/arm-none-eabi/10.3.1/../../../../arm-none-eabi/lib/thumb/v7e-m+fp/hard\libc_nano.a(lib_a-init.o)
                0x00000000080026cc                __libc_init_array
 .text.memset   0x0000000008002714       0x10 d:/cube-ide/stm32cubeide_1.7.0/stm32cubeide/plugins/com.st.stm32cube.ide.mcu.externaltools.gnu-tools-for-stm32.10.3-2021.10.win32_1.0.0.202111181127/tools/bin/../lib/gcc/arm-none-eabi/10.3.1/../../../../arm-none-eabi/lib/thumb/v7e-m+fp/hard\libc_nano.a(lib_a-memset.o)
                0x0000000008002714                memset
 *(.glue_7)
 .glue_7        0x0000000008002724        0x0 linker stubs
 *(.glue_7t)
 .glue_7t       0x0000000008002724        0x0 linker stubs
 *(.eh_frame)
 .eh_frame      0x0000000008002724        0x0 d:/cube-ide/stm32cubeide_1.7.0/stm32cubeide/plugins/com.st.stm32cube.ide.mcu.externaltools.gnu-tools-for-stm32.10.3-2021.10.win32_1.0.0.202111181127/tools/bin/../lib/gcc/arm-none-eabi/10.3.1/thumb/v7e-m+fp/hard/crtbegin.o
 *(.init)
 .init          0x0000000008002724        0x4 d:/cube-ide/stm32cubeide_1.7.0/stm32cubeide/plugins/com.st.stm32cube.ide.mcu.externaltools.gnu-tools-for-stm32.10.3-2021.10.win32_1.0.0.202111181127/tools/bin/../lib/gcc/arm-none-eabi/10.3.1/thumb/v7e-m+fp/hard/crti.o
                0x0000000008002724                _init
 .init          0x0000000008002728        0x8 d:/cube-ide/stm32cubeide_1.7.0/stm32cubeide/plugins/com.st.stm32cube.ide.mcu.externaltools.gnu-tools-for-stm32.10.3-2021.10.win32_1.0.0.202111181127/tools/bin/../lib/gcc/arm-none-eabi/10.3.1/thumb/v7e-m+fp/hard/crtn.o
 *(.fini)
 .fini          0x0000000008002730        0x4 d:/cube-ide/stm32cubeide_1.7.0/stm32cubeide/plugins/com.st.stm32cube.ide.mcu.externaltools.gnu-tools-for-stm32.10.3-2021.10.win32_1.0.0.202111181127/tools/bin/../lib/gcc/arm-none-eabi/10.3.1/thumb/v7e-m+fp/hard/crti.o
                0x0000000008002730                _fini
 .fini          0x0000000008002734        0x8 d:/cube-ide/stm32cubeide_1.7.0/stm32cubeide/plugins/com.st.stm32cube.ide.mcu.externaltools.gnu-tools-for-stm32.10.3-2021.10.win32_1.0.0.202111181127/tools/bin/../lib/gcc/arm-none-eabi/10.3.1/thumb/v7e-m+fp/hard/crtn.o
                0x000000000800273c                . = ALIGN (0x4)
                0x000000000800273c                _etext = .

.vfp11_veneer   0x000000000800273c        0x0
 .vfp11_veneer  0x000000000800273c        0x0 linker stubs

.v4_bx          0x000000000800273c        0x0
 .v4_bx         0x000000000800273c        0x0 linker stubs

.iplt           0x000000000800273c        0x0
 .iplt          0x000000000800273c        0x0 d:/cube-ide/stm32cubeide_1.7.0/stm32cubeide/plugins/com.st.stm32cube.ide.mcu.externaltools.gnu-tools-for-stm32.10.3-2021.10.win32_1.0.0.202111181127/tools/bin/../lib/gcc/arm-none-eabi/10.3.1/thumb/v7e-m+fp/hard/crtbegin.o

.rodata         0x000000000800273c       0x88
                0x000000000800273c                . = ALIGN (0x4)
 *(.rodata)
 *(.rodata*)
 .rodata.Q_this_module_
                0x000000000800273c       0x13 ./Core/Src/main.o
 *fill*         0x000000000800274f        0x1 
 .rodata.AHBPrescTable
                0x0000000008002750       0x10 ./Core/Src/system_stm32f4xx.o
                0x0000000008002750                AHBPrescTable
 .rodata.AO_Blinky
                0x0000000008002760        0x4 ./Drivers/BSP/blinky.o
                0x0000000008002760                AO_Blinky
 .rodata.Q_this_module_
                0x0000000008002764        0x8 ./Drivers/QPC/qep_hsm.o
 .rodata.QEP_reservedEvt_
                0x000000000800276c       0x10 ./Drivers/QPC/qep_hsm.o
 .rodata.vtable.0
                0x000000000800277c        0x8 ./Drivers/QPC/qep_hsm.o
 .rodata.Q_this_module_
                0x0000000008002784        0x7 ./Drivers/QPC/qf_act.o
 *fill*         0x000000000800278b        0x1 
 .rodata.Q_this_module_
                0x000000000800278c        0x8 ./Drivers/QPC/qf_actq.o
 .rodata.Q_this_module_
                0x0000000008002794        0x7 ./Drivers/QPC/qf_dyn.o
 *fill*         0x000000000800279b        0x1 
 .rodata.Q_this_module_
                0x000000000800279c        0x7 ./Drivers/QPC/qf_mem.o
 *fill*         0x00000000080027a3        0x1 
 .rodata.vtable.0
                0x00000000080027a4       0x14 ./Drivers/QPC/qf_qact.o
 .rodata.Q_this_module_
                0x00000000080027b8        0x8 ./Drivers/QPC/qf_time.o
 .rodata.Q_this_module_
                0x00000000080027c0        0x3 ./Drivers/QPC/qv.o
                0x00000000080027c4                . = ALIGN (0x4)
 *fill*         0x00000000080027c3        0x1 

.ARM.extab      0x00000000080027c4        0x0
                0x00000000080027c4                . = ALIGN (0x4)
 *(.ARM.extab* .gnu.linkonce.armextab.*)
                0x00000000080027c4                . = ALIGN (0x4)

.ARM            0x00000000080027c4        0x8
                0x00000000080027c4                . = ALIGN (0x4)
                0x00000000080027c4                __exidx_start = .
 *(.ARM.exidx*)
 .ARM.exidx     0x00000000080027c4        0x8 d:/cube-ide/stm32cubeide_1.7.0/stm32cubeide/plugins/com.st.stm32cube.ide.mcu.externaltools.gnu-tools-for-stm32.10.3-2021.10.win32_1.0.0.202111181127/tools/bin/../lib/gcc/arm-none-eabi/10.3.1/thumb/v7e-m+fp/hard\libgcc.a(_udivmoddi4.o)
                0x00000000080027cc                __exidx_end = .
                0x00000000080027cc                . = ALIGN (0x4)

.rel.dyn        0x00000000080027cc        0x0
 .rel.iplt      0x00000000080027cc        0x0 d:/cube-ide/stm32cubeide_1.7.0/stm32cubeide/plugins/com.st.stm32cube.ide.mcu.externaltools.gnu-tools-for-stm32.10.3-2021.10.win32_1.0.0.202111181127/tools/bin/../lib/gcc/arm-none-eabi/10.3.1/thumb/v7e-m+fp/hard/crtbegin.o

.preinit_array  0x00000000080027cc        0x0
                0x00000000080027cc                . = ALIGN (0x4)
                0x00000000080027cc                PROVIDE (__preinit_array_start = .)
 *(.preinit_array*)
                0x00000000080027cc                PROVIDE (__preinit_array_end = .)
                0x00000000080027cc                . = ALIGN (0x4)

.init_array     0x00000000080027cc        0x4
                0x00000000080027cc                . = ALIGN (0x4)
                0x00000000080027cc                PROVIDE (__init_array_start = .)
 *(SORT_BY_NAME(.init_array.*))
 *(.init_array*)
 .init_array    0x00000000080027cc        0x4 d:/cube-ide/stm32cubeide_1.7.0/stm32cubeide/plugins/com.st.stm32cube.ide.mcu.externaltools.gnu-tools-for-stm32.10.3-2021.10.win32_1.0.0.202111181127/tools/bin/../lib/gcc/arm-none-eabi/10.3.1/thumb/v7e-m+fp/hard/crtbegin.o
                0x00000000080027d0                PROVIDE (__init_array_end = .)
                0x00000000080027d0                . = ALIGN (0x4)

.fini_array     0x00000000080027d0        0x4
                0x00000000080027d0                . = ALIGN (0x4)
                [!provide]                        PROVIDE (__fini_array_start = .)
 *(SORT_BY_NAME(.fini_array.*))
 *(.fini_array*)
 .fini_array    0x00000000080027d0        0x4 d:/cube-ide/stm32cubeide_1.7.0/stm32cubeide/plugins/com.st.stm32cube.ide.mcu.externaltools.gnu-tools-for-stm32.10.3-2021.10.win32_1.0.0.202111181127/tools/bin/../lib/gcc/arm-none-eabi/10.3.1/thumb/v7e-m+fp/hard/crtbegin.o
                [!provide]                        PROVIDE (__fini_array_end = .)
                0x00000000080027d4                . = ALIGN (0x4)
                0x00000000080027d4                _sidata = LOADADDR (.data)

.data           0x0000000020000000        0xc load address 0x00000000080027d4
                0x0000000020000000                . = ALIGN (0x4)
                0x0000000020000000                _sdata = .
 *(.data)
 *(.data*)
 .data.SystemCoreClock
                0x0000000020000000        0x4 ./Core/Src/system_stm32f4xx.o
                0x0000000020000000                SystemCoreClock
 .data.uwTickPrio
                0x0000000020000004        0x4 ./Drivers/STM32F4xx_HAL_Driver/Src/stm32f4xx_hal.o
                0x0000000020000004                uwTickPrio
 .data.uwTickFreq
                0x0000000020000008        0x1 ./Drivers/STM32F4xx_HAL_Driver/Src/stm32f4xx_hal.o
                0x0000000020000008                uwTickFreq
 *(.RamFunc)
 *(.RamFunc*)
                0x000000002000000c                . = ALIGN (0x4)
 *fill*         0x0000000020000009        0x3 
                0x000000002000000c                _edata = .
                0x00000000080027e0                _siccmram = LOADADDR (.ccmram)

.igot.plt       0x000000002000000c        0x0 load address 0x00000000080027e0
 .igot.plt      0x000000002000000c        0x0 d:/cube-ide/stm32cubeide_1.7.0/stm32cubeide/plugins/com.st.stm32cube.ide.mcu.externaltools.gnu-tools-for-stm32.10.3-2021.10.win32_1.0.0.202111181127/tools/bin/../lib/gcc/arm-none-eabi/10.3.1/thumb/v7e-m+fp/hard/crtbegin.o

.ccmram         0x0000000010000000        0x0 load address 0x00000000080027e0
                0x0000000010000000                . = ALIGN (0x4)
                0x0000000010000000                _sccmram = .
 *(.ccmram)
 *(.ccmram*)
                0x0000000010000000                . = ALIGN (0x4)
                0x0000000010000000                _eccmram = .
                0x0000000010000000                . = ALIGN (0x4)

.bss            0x000000002000000c      0x168
                0x000000002000000c                _sbss = .
                0x000000002000000c                __bss_start__ = _sbss
 *(.bss)
 .bss           0x000000002000000c       0x1c d:/cube-ide/stm32cubeide_1.7.0/stm32cubeide/plugins/com.st.stm32cube.ide.mcu.externaltools.gnu-tools-for-stm32.10.3-2021.10.win32_1.0.0.202111181127/tools/bin/../lib/gcc/arm-none-eabi/10.3.1/thumb/v7e-m+fp/hard/crtbegin.o
 *(.bss*)
 .bss.l_blinkyQSto.0
                0x0000000020000028       0x28 ./Core/Src/main.o
 .bss.l_blinky  0x0000000020000050       0x30 ./Drivers/BSP/blinky.o
 .bss.QF_active_
                0x0000000020000080       0x84 ./Drivers/QPC/qf_act.o
                0x0000000020000080                QF_active_
 .bss.QF_pool_  0x0000000020000104       0x3c ./Drivers/QPC/qf_dyn.o
                0x0000000020000104                QF_pool_
 .bss.QF_maxPool_
                0x0000000020000140        0x4 ./Drivers/QPC/qf_dyn.o
                0x0000000020000140                QF_maxPool_
 .bss.QF_subscrList_
                0x0000000020000144        0x4 ./Drivers/QPC/qf_ps.o
                0x0000000020000144                QF_subscrList_
 .bss.QF_maxPubSignal_
                0x0000000020000148        0x4 ./Drivers/QPC/qf_ps.o
                0x0000000020000148                QF_maxPubSignal_
 .bss.QF_timeEvtHead_
                0x000000002000014c       0x20 ./Drivers/QPC/qf_time.o
                0x000000002000014c                QF_timeEvtHead_
 .bss.QV_readySet_
                0x000000002000016c        0x4 ./Drivers/QPC/qv.o
                0x000000002000016c                QV_readySet_
 .bss.uwTick    0x0000000020000170        0x4 ./Drivers/STM32F4xx_HAL_Driver/Src/stm32f4xx_hal.o
                0x0000000020000170                uwTick
 *(COMMON)
                0x0000000020000174                . = ALIGN (0x4)
                0x0000000020000174                _ebss = .
                0x0000000020000174                __bss_end__ = _ebss

._user_heap_stack
                0x0000000020000174      0x604
                0x0000000020000178                . = ALIGN (0x8)
 *fill*         0x0000000020000174        0x4 
                [!provide]                        PROVIDE (end = .)
                0x0000000020000178                PROVIDE (_end = .)
                0x0000000020000378                . = (. + _Min_Heap_Size)
 *fill*         0x0000000020000178      0x200 
                0x0000000020000778                . = (. + _Min_Stack_Size)
 *fill*         0x0000000020000378      0x400 
                0x0000000020000778                . = ALIGN (0x8)

/DISCARD/
 libc.a(*)
 libm.a(*)
 libgcc.a(*)

.ARM.attributes
                0x0000000000000000       0x30
 *(.ARM.attributes)
 .ARM.attributes
                0x0000000000000000       0x1e d:/cube-ide/stm32cubeide_1.7.0/stm32cubeide/plugins/com.st.stm32cube.ide.mcu.externaltools.gnu-tools-for-stm32.10.3-2021.10.win32_1.0.0.202111181127/tools/bin/../lib/gcc/arm-none-eabi/10.3.1/thumb/v7e-m+fp/hard/crti.o
 .ARM.attributes
                0x000000000000001e       0x34 d:/cube-ide/stm32cubeide_1.7.0/stm32cubeide/plugins/com.st.stm32cube.ide.mcu.externaltools.gnu-tools-for-stm32.10.3-2021.10.win32_1.0.0.202111181127/tools/bin/../lib/gcc/arm-none-eabi/10.3.1/thumb/v7e-m+fp/hard/crtbegin.o
 .ARM.attributes
                0x0000000000000052       0x34 ./Core/Src/main.o
 .ARM.attributes
                0x0000000000000086       0x34 ./Core/Src/stm32f4xx_hal_msp.o
 .ARM.attributes
                0x00000000000000ba       0x34 ./Core/Src/stm32f4xx_it.o
 .ARM.attributes
                0x00000000000000ee       0x34 ./Core/Src/system_stm32f4xx.o
 .ARM.attributes
                0x0000000000000122       0x21 ./Core/Startup/startup_stm32f429zitx.o
 .ARM.attributes
                0x0000000000000143       0x34 ./Drivers/BSP/blinky.o
 .ARM.attributes
                0x0000000000000177       0x34 ./Drivers/BSP/bsp.o
 .ARM.attributes
                0x00000000000001ab       0x34 ./Drivers/QPC/qep_hsm.o
 .ARM.attributes
                0x00000000000001df       0x34 ./Drivers/QPC/qf_act.o
 .ARM.attributes
                0x0000000000000213       0x34 ./Drivers/QPC/qf_actq.o
 .ARM.attributes
                0x0000000000000247       0x34 ./Drivers/QPC/qf_dyn.o
 .ARM.attributes
                0x000000000000027b       0x34 ./Drivers/QPC/qf_mem.o
 .ARM.attributes
                0x00000000000002af       0x34 ./Drivers/QPC/qf_ps.o
 .ARM.attributes
                0x00000000000002e3       0x34 ./Drivers/QPC/qf_qact.o
 .ARM.attributes
                0x0000000000000317       0x34 ./Drivers/QPC/qf_qeq.o
 .ARM.attributes
                0x000000000000034b       0x34 ./Drivers/QPC/qf_time.o
 .ARM.attributes
                0x000000000000037f       0x34 ./Drivers/QPC/qv.o
 .ARM.attributes
                0x00000000000003b3       0x34 ./Drivers/QPC_Port/qv_port.o
 .ARM.attributes
                0x00000000000003e7       0x34 ./Drivers/STM32F4xx_HAL_Driver/Src/stm32f4xx_hal.o
 .ARM.attributes
                0x000000000000041b       0x34 ./Drivers/STM32F4xx_HAL_Driver/Src/stm32f4xx_hal_cortex.o
 .ARM.attributes
                0x000000000000044f       0x34 ./Drivers/STM32F4xx_HAL_Driver/Src/stm32f4xx_hal_gpio.o
 .ARM.attributes
                0x0000000000000483       0x34 ./Drivers/STM32F4xx_HAL_Driver/Src/stm32f4xx_hal_rcc.o
 .ARM.attributes
                0x00000000000004b7       0x34 d:/cube-ide/stm32cubeide_1.7.0/stm32cubeide/plugins/com.st.stm32cube.ide.mcu.externaltools.gnu-tools-for-stm32.10.3-2021.10.win32_1.0.0.202111181127/tools/bin/../lib/gcc/arm-none-eabi/10.3.1/../../../../arm-none-eabi/lib/thumb/v7e-m+fp/hard\libc_nano.a(lib_a-init.o)
 .ARM.attributes
                0x00000000000004eb       0x34 d:/cube-ide/stm32cubeide_1.7.0/stm32cubeide/plugins/com.st.stm32cube.ide.mcu.externaltools.gnu-tools-for-stm32.10.3-2021.10.win32_1.0.0.202111181127/tools/bin/../lib/gcc/arm-none-eabi/10.3.1/../../../../arm-none-eabi/lib/thumb/v7e-m+fp/hard\libc_nano.a(lib_a-memset.o)
 .ARM.attributes
                0x000000000000051f       0x1e d:/cube-ide/stm32cubeide_1.7.0/stm32cubeide/plugins/com.st.stm32cube.ide.mcu.externaltools.gnu-tools-for-stm32.10.3-2021.10.win32_1.0.0.202111181127/tools/bin/../lib/gcc/arm-none-eabi/10.3.1/thumb/v7e-m+fp/hard\libgcc.a(_aeabi_uldivmod.o)
 .ARM.attributes
                0x000000000000053d       0x34 d:/cube-ide/stm32cubeide_1.7.0/stm32cubeide/plugins/com.st.stm32cube.ide.mcu.externaltools.gnu-tools-for-stm32.10.3-2021.10.win32_1.0.0.202111181127/tools/bin/../lib/gcc/arm-none-eabi/10.3.1/thumb/v7e-m+fp/hard\libgcc.a(_udivmoddi4.o)
 .ARM.attributes
                0x0000000000000571       0x1e d:/cube-ide/stm32cubeide_1.7.0/stm32cubeide/plugins/com.st.stm32cube.ide.mcu.externaltools.gnu-tools-for-stm32.10.3-2021.10.win32_1.0.0.202111181127/tools/bin/../lib/gcc/arm-none-eabi/10.3.1/thumb/v7e-m+fp/hard\libgcc.a(_dvmd_tls.o)
 .ARM.attributes
                0x000000000000058f       0x1e d:/cube-ide/stm32cubeide_1.7.0/stm32cubeide/plugins/com.st.stm32cube.ide.mcu.externaltools.gnu-tools-for-stm32.10.3-2021.10.win32_1.0.0.202111181127/tools/bin/../lib/gcc/arm-none-eabi/10.3.1/thumb/v7e-m+fp/hard/crtn.o
OUTPUT(LED_QPC_HSM.elf elf32-littlearm)
LOAD linker stubs
LOAD d:/cube-ide/stm32cubeide_1.7.0/stm32cubeide/plugins/com.st.stm32cube.ide.mcu.externaltools.gnu-tools-for-stm32.10.3-2021.10.win32_1.0.0.202111181127/tools/bin/../lib/gcc/arm-none-eabi/10.3.1/../../../../arm-none-eabi/lib/thumb/v7e-m+fp/hard\libc.a
LOAD d:/cube-ide/stm32cubeide_1.7.0/stm32cubeide/plugins/com.st.stm32cube.ide.mcu.externaltools.gnu-tools-for-stm32.10.3-2021.10.win32_1.0.0.202111181127/tools/bin/../lib/gcc/arm-none-eabi/10.3.1/../../../../arm-none-eabi/lib/thumb/v7e-m+fp/hard\libm.a
LOAD d:/cube-ide/stm32cubeide_1.7.0/stm32cubeide/plugins/com.st.stm32cube.ide.mcu.externaltools.gnu-tools-for-stm32.10.3-2021.10.win32_1.0.0.202111181127/tools/bin/../lib/gcc/arm-none-eabi/10.3.1/thumb/v7e-m+fp/hard\libgcc.a

.debug_info     0x0000000000000000     0x923f
 .debug_info    0x0000000000000000      0xc4f ./Core/Src/main.o
 .debug_info    0x0000000000000c4f      0x2d7 ./Core/Src/stm32f4xx_hal_msp.o
 .debug_info    0x0000000000000f26      0x161 ./Core/Src/stm32f4xx_it.o
 .debug_info    0x0000000000001087      0x53f ./Core/Src/system_stm32f4xx.o
 .debug_info    0x00000000000015c6       0x22 ./Core/Startup/startup_stm32f429zitx.o
 .debug_info    0x00000000000015e8      0x77d ./Drivers/BSP/blinky.o
 .debug_info    0x0000000000001d65      0x95a ./Drivers/BSP/bsp.o
 .debug_info    0x00000000000026bf      0x7bb ./Drivers/QPC/qep_hsm.o
 .debug_info    0x0000000000002e7a      0x5b3 ./Drivers/QPC/qf_act.o
 .debug_info    0x000000000000342d      0x93e ./Drivers/QPC/qf_actq.o
 .debug_info    0x0000000000003d6b      0x48a ./Drivers/QPC/qf_dyn.o
 .debug_info    0x00000000000041f5      0x398 ./Drivers/QPC/qf_mem.o
 .debug_info    0x000000000000458d      0x7f7 ./Drivers/QPC/qf_ps.o
 .debug_info    0x0000000000004d84      0x62e ./Drivers/QPC/qf_qact.o
 .debug_info    0x00000000000053b2      0x3bb ./Drivers/QPC/qf_qeq.o
 .debug_info    0x000000000000576d      0x8f2 ./Drivers/QPC/qf_time.o
 .debug_info    0x000000000000605f      0x7cf ./Drivers/QPC/qv.o
 .debug_info    0x000000000000682e       0xc4 ./Drivers/QPC_Port/qv_port.o
 .debug_info    0x00000000000068f2      0x9f4 ./Drivers/STM32F4xx_HAL_Driver/Src/stm32f4xx_hal.o
 .debug_info    0x00000000000072e6      0xe51 ./Drivers/STM32F4xx_HAL_Driver/Src/stm32f4xx_hal_cortex.o
 .debug_info    0x0000000000008137      0x786 ./Drivers/STM32F4xx_HAL_Driver/Src/stm32f4xx_hal_gpio.o
 .debug_info    0x00000000000088bd      0x982 ./Drivers/STM32F4xx_HAL_Driver/Src/stm32f4xx_hal_rcc.o

.debug_abbrev   0x0000000000000000     0x2c07
 .debug_abbrev  0x0000000000000000      0x2e4 ./Core/Src/main.o
 .debug_abbrev  0x00000000000002e4       0xf0 ./Core/Src/stm32f4xx_hal_msp.o
 .debug_abbrev  0x00000000000003d4       0xa6 ./Core/Src/stm32f4xx_it.o
 .debug_abbrev  0x000000000000047a      0x116 ./Core/Src/system_stm32f4xx.o
 .debug_abbrev  0x0000000000000590       0x12 ./Core/Startup/startup_stm32f429zitx.o
 .debug_abbrev  0x00000000000005a2      0x252 ./Drivers/BSP/blinky.o
 .debug_abbrev  0x00000000000007f4      0x23f ./Drivers/BSP/bsp.o
 .debug_abbrev  0x0000000000000a33      0x2ea ./Drivers/QPC/qep_hsm.o
 .debug_abbrev  0x0000000000000d1d      0x227 ./Drivers/QPC/qf_act.o
 .debug_abbrev  0x0000000000000f44      0x301 ./Drivers/QPC/qf_actq.o
 .debug_abbrev  0x0000000000001245      0x239 ./Drivers/QPC/qf_dyn.o
 .debug_abbrev  0x000000000000147e      0x1c1 ./Drivers/QPC/qf_mem.o
 .debug_abbrev  0x000000000000163f      0x296 ./Drivers/QPC/qf_ps.o
 .debug_abbrev  0x00000000000018d5      0x1e5 ./Drivers/QPC/qf_qact.o
 .debug_abbrev  0x0000000000001aba      0x1b8 ./Drivers/QPC/qf_qeq.o
 .debug_abbrev  0x0000000000001c72      0x2f1 ./Drivers/QPC/qf_time.o
 .debug_abbrev  0x0000000000001f63      0x2ac ./Drivers/QPC/qv.o
 .debug_abbrev  0x000000000000220f       0x67 ./Drivers/QPC_Port/qv_port.o
 .debug_abbrev  0x0000000000002276      0x20d ./Drivers/STM32F4xx_HAL_Driver/Src/stm32f4xx_hal.o
 .debug_abbrev  0x0000000000002483      0x316 ./Drivers/STM32F4xx_HAL_Driver/Src/stm32f4xx_hal_cortex.o
 .debug_abbrev  0x0000000000002799      0x1c4 ./Drivers/STM32F4xx_HAL_Driver/Src/stm32f4xx_hal_gpio.o
 .debug_abbrev  0x000000000000295d      0x2aa ./Drivers/STM32F4xx_HAL_Driver/Src/stm32f4xx_hal_rcc.o

.debug_aranges  0x0000000000000000      0x750
 .debug_aranges
                0x0000000000000000       0x38 ./Core/Src/main.o
 .debug_aranges
                0x0000000000000038       0x20 ./Core/Src/stm32f4xx_hal_msp.o
 .debug_aranges
                0x0000000000000058       0x60 ./Core/Src/stm32f4xx_it.o
 .debug_aranges
                0x00000000000000b8       0x28 ./Core/Src/system_stm32f4xx.o
 .debug_aranges
                0x00000000000000e0       0x28 ./Core/Startup/startup_stm32f429zitx.o
 .debug_aranges
                0x0000000000000108       0x38 ./Drivers/BSP/blinky.o
 .debug_aranges
                0x0000000000000140       0x70 ./Drivers/BSP/bsp.o
 .debug_aranges
                0x00000000000001b0       0x50 ./Drivers/QPC/qep_hsm.o
 .debug_aranges
                0x0000000000000200       0x30 ./Drivers/QPC/qf_act.o
 .debug_aranges
                0x0000000000000230       0x60 ./Drivers/QPC/qf_actq.o
 .debug_aranges
                0x0000000000000290       0x48 ./Drivers/QPC/qf_dyn.o
 .debug_aranges
                0x00000000000002d8       0x38 ./Drivers/QPC/qf_mem.o
 .debug_aranges
                0x0000000000000310       0x40 ./Drivers/QPC/qf_ps.o
 .debug_aranges
                0x0000000000000350       0x20 ./Drivers/QPC/qf_qact.o
 .debug_aranges
                0x0000000000000370       0x38 ./Drivers/QPC/qf_qeq.o
 .debug_aranges
                0x00000000000003a8       0x58 ./Drivers/QPC/qf_time.o
 .debug_aranges
                0x0000000000000400       0x38 ./Drivers/QPC/qv.o
 .debug_aranges
                0x0000000000000438       0x20 ./Drivers/QPC_Port/qv_port.o
 .debug_aranges
                0x0000000000000458      0x100 ./Drivers/STM32F4xx_HAL_Driver/Src/stm32f4xx_hal.o
 .debug_aranges
                0x0000000000000558      0x118 ./Drivers/STM32F4xx_HAL_Driver/Src/stm32f4xx_hal_cortex.o
 .debug_aranges
                0x0000000000000670       0x58 ./Drivers/STM32F4xx_HAL_Driver/Src/stm32f4xx_hal_gpio.o
 .debug_aranges
                0x00000000000006c8       0x88 ./Drivers/STM32F4xx_HAL_Driver/Src/stm32f4xx_hal_rcc.o

.debug_ranges   0x0000000000000000      0x610
 .debug_ranges  0x0000000000000000       0x28 ./Core/Src/main.o
 .debug_ranges  0x0000000000000028       0x10 ./Core/Src/stm32f4xx_hal_msp.o
 .debug_ranges  0x0000000000000038       0x50 ./Core/Src/stm32f4xx_it.o
 .debug_ranges  0x0000000000000088       0x18 ./Core/Src/system_stm32f4xx.o
 .debug_ranges  0x00000000000000a0       0x20 ./Core/Startup/startup_stm32f429zitx.o
 .debug_ranges  0x00000000000000c0       0x28 ./Drivers/BSP/blinky.o
 .debug_ranges  0x00000000000000e8       0x60 ./Drivers/BSP/bsp.o
 .debug_ranges  0x0000000000000148       0x40 ./Drivers/QPC/qep_hsm.o
 .debug_ranges  0x0000000000000188       0x20 ./Drivers/QPC/qf_act.o
 .debug_ranges  0x00000000000001a8       0x50 ./Drivers/QPC/qf_actq.o
 .debug_ranges  0x00000000000001f8       0x38 ./Drivers/QPC/qf_dyn.o
 .debug_ranges  0x0000000000000230       0x28 ./Drivers/QPC/qf_mem.o
 .debug_ranges  0x0000000000000258       0x30 ./Drivers/QPC/qf_ps.o
 .debug_ranges  0x0000000000000288       0x10 ./Drivers/QPC/qf_qact.o
 .debug_ranges  0x0000000000000298       0x28 ./Drivers/QPC/qf_qeq.o
 .debug_ranges  0x00000000000002c0       0x60 ./Drivers/QPC/qf_time.o
 .debug_ranges  0x0000000000000320       0x28 ./Drivers/QPC/qv.o
 .debug_ranges  0x0000000000000348       0x10 ./Drivers/QPC_Port/qv_port.o
 .debug_ranges  0x0000000000000358       0xf0 ./Drivers/STM32F4xx_HAL_Driver/Src/stm32f4xx_hal.o
 .debug_ranges  0x0000000000000448      0x108 ./Drivers/STM32F4xx_HAL_Driver/Src/stm32f4xx_hal_cortex.o
 .debug_ranges  0x0000000000000550       0x48 ./Drivers/STM32F4xx_HAL_Driver/Src/stm32f4xx_hal_gpio.o
 .debug_ranges  0x0000000000000598       0x78 ./Drivers/STM32F4xx_HAL_Driver/Src/stm32f4xx_hal_rcc.o

.debug_macro    0x0000000000000000    0x2296b
 .debug_macro   0x0000000000000000      0x258 ./Core/Src/main.o
 .debug_macro   0x0000000000000258      0xa78 ./Core/Src/main.o
 .debug_macro   0x0000000000000cd0      0x28f ./Core/Src/main.o
 .debug_macro   0x0000000000000f5f       0x2e ./Core/Src/main.o
 .debug_macro   0x0000000000000f8d       0x28 ./Core/Src/main.o
 .debug_macro   0x0000000000000fb5       0x22 ./Core/Src/main.o
 .debug_macro   0x0000000000000fd7       0x8e ./Core/Src/main.o
 .debug_macro   0x0000000000001065       0x51 ./Core/Src/main.o
 .debug_macro   0x00000000000010b6      0x103 ./Core/Src/main.o
 .debug_macro   0x00000000000011b9       0x6a ./Core/Src/main.o
 .debug_macro   0x0000000000001223      0x1df ./Core/Src/main.o
 .debug_macro   0x0000000000001402       0x1c ./Core/Src/main.o
 .debug_macro   0x000000000000141e       0x22 ./Core/Src/main.o
 .debug_macro   0x0000000000001440       0xd9 ./Core/Src/main.o
 .debug_macro   0x0000000000001519     0x102d ./Core/Src/main.o
 .debug_macro   0x0000000000002546      0x11f ./Core/Src/main.o
 .debug_macro   0x0000000000002665    0x17fc0 ./Core/Src/main.o
 .debug_macro   0x000000000001a625       0x6d ./Core/Src/main.o
 .debug_macro   0x000000000001a692     0x36f5 ./Core/Src/main.o
 .debug_macro   0x000000000001dd87      0x174 ./Core/Src/main.o
 .debug_macro   0x000000000001defb       0x5c ./Core/Src/main.o
 .debug_macro   0x000000000001df57      0xca5 ./Core/Src/main.o
 .debug_macro   0x000000000001ebfc      0x9fe ./Core/Src/main.o
 .debug_macro   0x000000000001f5fa      0x115 ./Core/Src/main.o
 .debug_macro   0x000000000001f70f      0x156 ./Core/Src/main.o
 .debug_macro   0x000000000001f865       0xa5 ./Core/Src/main.o
 .debug_macro   0x000000000001f90a      0x182 ./Core/Src/main.o
 .debug_macro   0x000000000001fa8c      0x287 ./Core/Src/main.o
 .debug_macro   0x000000000001fd13       0x5f ./Core/Src/main.o
 .debug_macro   0x000000000001fd72      0x236 ./Core/Src/main.o
 .debug_macro   0x000000000001ffa8      0x132 ./Core/Src/main.o
 .debug_macro   0x00000000000200da      0x41d ./Core/Src/main.o
 .debug_macro   0x00000000000204f7       0x2e ./Core/Src/main.o
 .debug_macro   0x0000000000020525      0x11a ./Core/Src/main.o
 .debug_macro   0x000000000002063f       0xe2 ./Core/Src/main.o
 .debug_macro   0x0000000000020721       0x89 ./Core/Src/main.o
 .debug_macro   0x00000000000207aa      0x134 ./Core/Src/main.o
 .debug_macro   0x00000000000208de       0x1c ./Core/Src/main.o
 .debug_macro   0x00000000000208fa       0x10 ./Core/Src/main.o
 .debug_macro   0x000000000002090a       0x52 ./Core/Src/main.o
 .debug_macro   0x000000000002095c       0x10 ./Core/Src/main.o
 .debug_macro   0x000000000002096c       0x22 ./Core/Src/main.o
 .debug_macro   0x000000000002098e       0xf4 ./Core/Src/main.o
 .debug_macro   0x0000000000020a82       0x1c ./Core/Src/main.o
 .debug_macro   0x0000000000020a9e       0x25 ./Core/Src/main.o
 .debug_macro   0x0000000000020ac3       0x1d ./Core/Src/main.o
 .debug_macro   0x0000000000020ae0       0x34 ./Core/Src/main.o
 .debug_macro   0x0000000000020b14       0x70 ./Core/Src/main.o
 .debug_macro   0x0000000000020b84       0x7f ./Core/Src/main.o
 .debug_macro   0x0000000000020c03       0xe8 ./Core/Src/main.o
 .debug_macro   0x0000000000020ceb       0x73 ./Core/Src/main.o
 .debug_macro   0x0000000000020d5e      0x1bf ./Core/Src/stm32f4xx_hal_msp.o
 .debug_macro   0x0000000000020f1d      0x24b ./Core/Src/stm32f4xx_it.o
 .debug_macro   0x0000000000021168      0x1b0 ./Core/Src/system_stm32f4xx.o
 .debug_macro   0x0000000000021318       0xf8 ./Drivers/BSP/blinky.o
 .debug_macro   0x0000000000021410      0x24e ./Drivers/BSP/bsp.o
 .debug_macro   0x000000000002165e       0x22 ./Drivers/BSP/bsp.o
 .debug_macro   0x0000000000021680       0xa8 ./Drivers/QPC/qep_hsm.o
 .debug_macro   0x0000000000021728      0x172 ./Drivers/QPC/qep_hsm.o
 .debug_macro   0x000000000002189a       0xeb ./Drivers/QPC/qf_act.o
 .debug_macro   0x0000000000021985       0x46 ./Drivers/QPC/qf_act.o
 .debug_macro   0x00000000000219cb       0x66 ./Drivers/QPC/qf_act.o
 .debug_macro   0x0000000000021a31       0xeb ./Drivers/QPC/qf_actq.o
 .debug_macro   0x0000000000021b1c       0xe4 ./Drivers/QPC/qf_dyn.o
 .debug_macro   0x0000000000021c00       0xe4 ./Drivers/QPC/qf_mem.o
 .debug_macro   0x0000000000021ce4       0xe4 ./Drivers/QPC/qf_ps.o
 .debug_macro   0x0000000000021dc8       0xd2 ./Drivers/QPC/qf_qact.o
 .debug_macro   0x0000000000021e9a       0xe4 ./Drivers/QPC/qf_qeq.o
 .debug_macro   0x0000000000021f7e       0xe4 ./Drivers/QPC/qf_time.o
 .debug_macro   0x0000000000022062       0xe4 ./Drivers/QPC/qv.o
 .debug_macro   0x0000000000022146       0xdb ./Drivers/QPC_Port/qv_port.o
 .debug_macro   0x0000000000022221      0x210 ./Drivers/STM32F4xx_HAL_Driver/Src/stm32f4xx_hal.o
 .debug_macro   0x0000000000022431      0x1b0 ./Drivers/STM32F4xx_HAL_Driver/Src/stm32f4xx_hal_cortex.o
 .debug_macro   0x00000000000225e1      0x1b6 ./Drivers/STM32F4xx_HAL_Driver/Src/stm32f4xx_hal_gpio.o
 .debug_macro   0x0000000000022797      0x1d4 ./Drivers/STM32F4xx_HAL_Driver/Src/stm32f4xx_hal_rcc.o

.debug_line     0x0000000000000000     0x97b6
 .debug_line    0x0000000000000000      0x858 ./Core/Src/main.o
 .debug_line    0x0000000000000858      0x687 ./Core/Src/stm32f4xx_hal_msp.o
 .debug_line    0x0000000000000edf      0x813 ./Core/Src/stm32f4xx_it.o
 .debug_line    0x00000000000016f2      0x708 ./Core/Src/system_stm32f4xx.o
 .debug_line    0x0000000000001dfa       0x88 ./Core/Startup/startup_stm32f429zitx.o
 .debug_line    0x0000000000001e82      0x502 ./Drivers/BSP/blinky.o
 .debug_line    0x0000000000002384      0x8dc ./Drivers/BSP/bsp.o
 .debug_line    0x0000000000002c60      0x6cc ./Drivers/QPC/qep_hsm.o
 .debug_line    0x000000000000332c      0x500 ./Drivers/QPC/qf_act.o
 .debug_line    0x000000000000382c      0x693 ./Drivers/QPC/qf_actq.o
 .debug_line    0x0000000000003ebf      0x5a5 ./Drivers/QPC/qf_dyn.o
 .debug_line    0x0000000000004464      0x5cb ./Drivers/QPC/qf_mem.o
 .debug_line    0x0000000000004a2f      0x5b5 ./Drivers/QPC/qf_ps.o
 .debug_line    0x0000000000004fe4      0x45b ./Drivers/QPC/qf_qact.o
 .debug_line    0x000000000000543f      0x5ce ./Drivers/QPC/qf_qeq.o
 .debug_line    0x0000000000005a0d      0x697 ./Drivers/QPC/qf_time.o
 .debug_line    0x00000000000060a4      0x514 ./Drivers/QPC/qv.o
 .debug_line    0x00000000000065b8      0x449 ./Drivers/QPC_Port/qv_port.o
 .debug_line    0x0000000000006a01      0x9a4 ./Drivers/STM32F4xx_HAL_Driver/Src/stm32f4xx_hal.o
 .debug_line    0x00000000000073a5      0xc1d ./Drivers/STM32F4xx_HAL_Driver/Src/stm32f4xx_hal_cortex.o
 .debug_line    0x0000000000007fc2      0xb0a ./Drivers/STM32F4xx_HAL_Driver/Src/stm32f4xx_hal_gpio.o
 .debug_line    0x0000000000008acc      0xcea ./Drivers/STM32F4xx_HAL_Driver/Src/stm32f4xx_hal_rcc.o

.debug_str      0x0000000000000000    0xcdf82
 .debug_str     0x0000000000000000    0xcb970 ./Core/Src/main.o
                                      0xcbc30 (size before relaxing)
 .debug_str     0x00000000000cb970       0x49 ./Core/Src/stm32f4xx_hal_msp.o
                                      0xc99a4 (size before relaxing)
 .debug_str     0x00000000000cb9b9       0xd3 ./Core/Src/stm32f4xx_it.o
                                      0xcb701 (size before relaxing)
 .debug_str     0x00000000000cba8c       0xdb ./Core/Src/system_stm32f4xx.o
                                      0xc99d3 (size before relaxing)
 .debug_str     0x00000000000cbb67       0x36 ./Core/Startup/startup_stm32f429zitx.o
                                         0x74 (size before relaxing)
 .debug_str     0x00000000000cbb9d      0x1a3 ./Drivers/BSP/blinky.o
                                       0x5d61 (size before relaxing)
 .debug_str     0x00000000000cbd40      0x61f ./Drivers/BSP/bsp.o
                                      0xcbe4c (size before relaxing)
 .debug_str     0x00000000000cc35f      0x557 ./Drivers/QPC/qep_hsm.o
                                       0x5472 (size before relaxing)
 .debug_str     0x00000000000cc8b6      0x55d ./Drivers/QPC/qf_act.o
                                       0x6139 (size before relaxing)
 .debug_str     0x00000000000cce13      0x126 ./Drivers/QPC/qf_actq.o
                                       0x6267 (size before relaxing)
 .debug_str     0x00000000000ccf39       0xf0 ./Drivers/QPC/qf_dyn.o
                                       0x60d5 (size before relaxing)
 .debug_str     0x00000000000cd029       0x4e ./Drivers/QPC/qf_mem.o
                                       0x6080 (size before relaxing)
 .debug_str     0x00000000000cd077       0xb5 ./Drivers/QPC/qf_ps.o
                                       0x6229 (size before relaxing)
 .debug_str     0x00000000000cd12c       0x19 ./Drivers/QPC/qf_qact.o
                                       0x56dc (size before relaxing)
 .debug_str     0x00000000000cd145       0x59 ./Drivers/QPC/qf_qeq.o
                                       0x605c (size before relaxing)
 .debug_str     0x00000000000cd19e       0x9a ./Drivers/QPC/qf_time.o
                                       0x6231 (size before relaxing)
 .debug_str     0x00000000000cd238       0x33 ./Drivers/QPC/qv.o
                                       0x623e (size before relaxing)
 .debug_str     0x00000000000cd26b       0xae ./Drivers/QPC_Port/qv_port.o
                                       0x52a2 (size before relaxing)
 .debug_str     0x00000000000cd319      0x632 ./Drivers/STM32F4xx_HAL_Driver/Src/stm32f4xx_hal.o
                                      0xca5f6 (size before relaxing)
 .debug_str     0x00000000000cd94b      0x2d8 ./Drivers/STM32F4xx_HAL_Driver/Src/stm32f4xx_hal_cortex.o
                                      0xca2db (size before relaxing)
 .debug_str     0x00000000000cdc23      0x12c ./Drivers/STM32F4xx_HAL_Driver/Src/stm32f4xx_hal_gpio.o
                                      0xc9b4e (size before relaxing)
 .debug_str     0x00000000000cdd4f      0x233 ./Drivers/STM32F4xx_HAL_Driver/Src/stm32f4xx_hal_rcc.o
                                      0xc9e07 (size before relaxing)

.comment        0x0000000000000000       0x50
 .comment       0x0000000000000000       0x50 ./Core/Src/main.o
                                         0x51 (size before relaxing)
 .comment       0x0000000000000050       0x51 ./Core/Src/stm32f4xx_hal_msp.o
 .comment       0x0000000000000050       0x51 ./Core/Src/stm32f4xx_it.o
 .comment       0x0000000000000050       0x51 ./Core/Src/system_stm32f4xx.o
 .comment       0x0000000000000050       0x51 ./Drivers/BSP/blinky.o
 .comment       0x0000000000000050       0x51 ./Drivers/BSP/bsp.o
 .comment       0x0000000000000050       0x51 ./Drivers/QPC/qep_hsm.o
 .comment       0x0000000000000050       0x51 ./Drivers/QPC/qf_act.o
 .comment       0x0000000000000050       0x51 ./Drivers/QPC/qf_actq.o
 .comment       0x0000000000000050       0x51 ./Drivers/QPC/qf_dyn.o
 .comment       0x0000000000000050       0x51 ./Drivers/QPC/qf_mem.o
 .comment       0x0000000000000050       0x51 ./Drivers/QPC/qf_ps.o
 .comment       0x0000000000000050       0x51 ./Drivers/QPC/qf_qact.o
 .comment       0x0000000000000050       0x51 ./Drivers/QPC/qf_qeq.o
 .comment       0x0000000000000050       0x51 ./Drivers/QPC/qf_time.o
 .comment       0x0000000000000050       0x51 ./Drivers/QPC/qv.o
 .comment       0x0000000000000050       0x51 ./Drivers/QPC_Port/qv_port.o
 .comment       0x0000000000000050       0x51 ./Drivers/STM32F4xx_HAL_Driver/Src/stm32f4xx_hal.o
 .comment       0x0000000000000050       0x51 ./Drivers/STM32F4xx_HAL_Driver/Src/stm32f4xx_hal_cortex.o
 .comment       0x0000000000000050       0x51 ./Drivers/STM32F4xx_HAL_Driver/Src/stm32f4xx_hal_gpio.o
 .comment       0x0000000000000050       0x51 ./Drivers/STM32F4xx_HAL_Driver/Src/stm32f4xx_hal_rcc.o

.debug_frame    0x0000000000000000     0x1880
 .debug_frame   0x0000000000000000       0x98 ./Core/Src/main.o
 .debug_frame   0x0000000000000098       0x34 ./Core/Src/stm32f4xx_hal_msp.o
 .debug_frame   0x00000000000000cc      0x104 ./Core/Src/stm32f4xx_it.o
 .debug_frame   0x00000000000001d0       0x58 ./Core/Src/system_stm32f4xx.o
 .debug_frame   0x0000000000000228       0xa0 ./Drivers/BSP/blinky.o
 .debug_frame   0x00000000000002c8      0x170 ./Drivers/BSP/bsp.o
 .debug_frame   0x0000000000000438      0x114 ./Drivers/QPC/qep_hsm.o
 .debug_frame   0x000000000000054c       0x80 ./Drivers/QPC/qf_act.o
 .debug_frame   0x00000000000005cc      0x158 ./Drivers/QPC/qf_actq.o
 .debug_frame   0x0000000000000724       0xe4 ./Drivers/QPC/qf_dyn.o
 .debug_frame   0x0000000000000808       0xa0 ./Drivers/QPC/qf_mem.o
 .debug_frame   0x00000000000008a8       0xc4 ./Drivers/QPC/qf_ps.o
 .debug_frame   0x000000000000096c       0x34 ./Drivers/QPC/qf_qact.o
 .debug_frame   0x00000000000009a0       0xa4 ./Drivers/QPC/qf_qeq.o
 .debug_frame   0x0000000000000a44      0x140 ./Drivers/QPC/qf_time.o
 .debug_frame   0x0000000000000b84       0x8c ./Drivers/QPC/qv.o
 .debug_frame   0x0000000000000c10       0x38 ./Drivers/QPC_Port/qv_port.o
 .debug_frame   0x0000000000000c48      0x3b4 ./Drivers/STM32F4xx_HAL_Driver/Src/stm32f4xx_hal.o
 .debug_frame   0x0000000000000ffc      0x498 ./Drivers/STM32F4xx_HAL_Driver/Src/stm32f4xx_hal_cortex.o
 .debug_frame   0x0000000000001494      0x14c ./Drivers/STM32F4xx_HAL_Driver/Src/stm32f4xx_hal_gpio.o
 .debug_frame   0x00000000000015e0      0x1f4 ./Drivers/STM32F4xx_HAL_Driver/Src/stm32f4xx_hal_rcc.o
 .debug_frame   0x00000000000017d4       0x2c d:/cube-ide/stm32cubeide_1.7.0/stm32cubeide/plugins/com.st.stm32cube.ide.mcu.externaltools.gnu-tools-for-stm32.10.3-2021.10.win32_1.0.0.202111181127/tools/bin/../lib/gcc/arm-none-eabi/10.3.1/../../../../arm-none-eabi/lib/thumb/v7e-m+fp/hard\libc_nano.a(lib_a-init.o)
 .debug_frame   0x0000000000001800       0x20 d:/cube-ide/stm32cubeide_1.7.0/stm32cubeide/plugins/com.st.stm32cube.ide.mcu.externaltools.gnu-tools-for-stm32.10.3-2021.10.win32_1.0.0.202111181127/tools/bin/../lib/gcc/arm-none-eabi/10.3.1/../../../../arm-none-eabi/lib/thumb/v7e-m+fp/hard\libc_nano.a(lib_a-memset.o)
 .debug_frame   0x0000000000001820       0x2c d:/cube-ide/stm32cubeide_1.7.0/stm32cubeide/plugins/com.st.stm32cube.ide.mcu.externaltools.gnu-tools-for-stm32.10.3-2021.10.win32_1.0.0.202111181127/tools/bin/../lib/gcc/arm-none-eabi/10.3.1/thumb/v7e-m+fp/hard\libgcc.a(_aeabi_uldivmod.o)
 .debug_frame   0x000000000000184c       0x34 d:/cube-ide/stm32cubeide_1.7.0/stm32cubeide/plugins/com.st.stm32cube.ide.mcu.externaltools.gnu-tools-for-stm32.10.3-2021.10.win32_1.0.0.202111181127/tools/bin/../lib/gcc/arm-none-eabi/10.3.1/thumb/v7e-m+fp/hard\libgcc.a(_udivmoddi4.o)
